[chris-wewerka.de/index.html]
[backblue.gif]
[fade.gif]
[index.html]
[chris-wewerka.de/indexc0d0.php]
[chris-wewerka.de/index7b17.php]
[chris-wewerka.de/templates/rhuk_milkyway/favicon.ico]
[chris-wewerka.de/plugins/content/attachments1.css]
[chris-wewerka.de/media/system/js/mootools.js]
[chris-wewerka.de/media/system/js/caption.js]
[chris-wewerka.de/plugins/content/attachments_refresh.js]
[chris-wewerka.de/media/system/js/modal.js]
[chris-wewerka.de/templates/system/css/system.css]
[chris-wewerka.de/templates/system/css/general.css]
[chris-wewerka.de/templates/rhuk_milkyway/css/template.css]
[chris-wewerka.de/templates/rhuk_milkyway/css/black.css]
[chris-wewerka.de/templates/rhuk_milkyway/css/black_bg.css]
[cdnjs.cloudflare.com/ajax/libs/cookieconsent2/3.0.3/cookieconsent.min.css]
[cdnjs.cloudflare.com/ajax/libs/cookieconsent2/3.0.3/cookieconsent.min.js]
[chris-wewerka.de/profile.html]
[chris-wewerka.de/blog.html]
[chris-wewerka.de/contact-details.html]
[chris-wewerka.de/impressum.html]
[chris-wewerka.de/datenschutz.html]
[chris-wewerka.de/cv-download.html]
[chris-wewerka.de/index.php/profile.html]
[chris-wewerka.de/attachments/article/2/scala-coursera-certificate.pdf]
[chris-wewerka.de/index.html]
[chris-wewerka.de/profile.html]
[chris-wewerka.de/blog.html]
[chris-wewerka.de/images/M_images/con_address.png]
[chris-wewerka.de/images/M_images/emailButton.png]
[chris-wewerka.de/contact-details.html]
[chris-wewerka.de/images/M_images/con_info.png]
[chris-wewerka.de/impressum.html]
[chris-wewerka.de/datenschutz.html]
[chris-wewerka.de/attachments/article/7/02 Lebenslauf & Skills english.doc]
[chris-wewerka.de/attachments/article/7/02 Lebenslauf & Skills english.pdf]
[chris-wewerka.de/attachments/article/7/02 Lebenslauf & Skills.doc]
[chris-wewerka.de/attachments/article/7/02 Lebenslauf & Skills.pdf]
[chris-wewerka.de/cv-download.html]
[chris-wewerka.de/index.php/profile.html]
[chris-wewerka.de/attachments/article/2/Coursera reactive 2014.html]
[chris-wewerka.de/plugins/content/attachments1.css]
[chris-wewerka.de/templates/system/css/system.css]
[chris-wewerka.de/templates/system/images/j_button2_left.png]
[chris-wewerka.de/templates/system/images/j_button2_image.png]
[chris-wewerka.de/templates/system/images/j_button2_readmore.png]
[chris-wewerka.de/templates/system/images/j_button2_pagebreak.png]
[chris-wewerka.de/templates/system/images/j_button2_blank.png]
[chris-wewerka.de/templates/system/images/selector-arrow.png]
[chris-wewerka.de/templates/system/images/calendar.png]
[chris-wewerka.de/templates/system/css/general.css]
[chris-wewerka.de/templates/rhuk_milkyway/images/desklamp.png]
[chris-wewerka.de/templates/rhuk_milkyway/images/mw_header_b.png]
[chris-wewerka.de/templates/rhuk_milkyway/images/mw_header_l_b.png]
[chris-wewerka.de/templates/rhuk_milkyway/images/mw_header_r_b.png]
[chris-wewerka.de/templates/rhuk_milkyway/images/mw_content_t.png]
[chris-wewerka.de/templates/rhuk_milkyway/images/mw_content_t_l.png]
[chris-wewerka.de/templates/rhuk_milkyway/images/mw_content_t_r.png]
[chris-wewerka.de/templates/rhuk_milkyway/images/mw_content_b.png]
[chris-wewerka.de/templates/rhuk_milkyway/images/mw_content_b_l.png]
[chris-wewerka.de/templates/rhuk_milkyway/images/mw_content_b_r.png]
[chris-wewerka.de/templates/rhuk_milkyway/images/mw_menu_cap_l.png]
[chris-wewerka.de/templates/rhuk_milkyway/images/mw_menu_normal_bg.png]
[chris-wewerka.de/templates/rhuk_milkyway/images/mw_menu_cap_r.png]
[chris-wewerka.de/templates/rhuk_milkyway/images/mw_menu_separator.png]
[chris-wewerka.de/templates/rhuk_milkyway/images/mw_readon.png]
[chris-wewerka.de/templates/rhuk_milkyway/images/mw_line_grey.png]
[chris-wewerka.de/templates/system/images/notice-info.png]
[chris-wewerka.de/templates/system/images/notice-alert.png]
[chris-wewerka.de/templates/system/images/notice-note.png]
[chris-wewerka.de/templates/rhuk_milkyway/css/template.css]
[chris-wewerka.de/templates/rhuk_milkyway/images/black/mw_menu_active_bg.png]
[chris-wewerka.de/templates/rhuk_milkyway/images/black/mw_box_br.png]
[chris-wewerka.de/templates/rhuk_milkyway/images/black/mw_box_bl.png]
[chris-wewerka.de/templates/rhuk_milkyway/images/black/mw_box_tr.png]
[chris-wewerka.de/templates/rhuk_milkyway/images/black/mw_box_tl.png]
[chris-wewerka.de/templates/rhuk_milkyway/css/black.css]
[chris-wewerka.de/templates/rhuk_milkyway/images/black/mw_shadow_l.png]
[chris-wewerka.de/templates/rhuk_milkyway/images/black/mw_shadow_r.png]
[chris-wewerka.de/templates/rhuk_milkyway/images/black/mw_header_t.png]
[chris-wewerka.de/templates/rhuk_milkyway/images/black/mw_header_t_l.png]
[chris-wewerka.de/templates/rhuk_milkyway/images/black/mw_header_t_r.png]
[chris-wewerka.de/templates/rhuk_milkyway/images/black/mw_footer_b.png]
[chris-wewerka.de/templates/rhuk_milkyway/images/black/mw_footer_b_l.png]
[chris-wewerka.de/templates/rhuk_milkyway/images/black/mw_footer_b_r.png]
[chris-wewerka.de/templates/rhuk_milkyway/css/black_bg.css]
[cdnjs.cloudflare.com/ajax/libs/cookieconsent2/3.0.3/cookieconsent.min.css]
[chris-wewerka.de/attachments/article/2/Coursera reactive 2014.html]
[openid.net/images/login-bg.html]
[chris-wewerka.de/templates/system/images/j_button2_right.html]
